// Jest Snapshot v1, https://goo.gl/fbAQLP

exports[`Profile renders correctly 1`] = `
<div
  className="d-flex mt-1"
>
  <div
    className="md-6"
  >
    <h3
      className="profile-title"
    >
      Missions
    </h3>
    <ul
      className="list-container"
    >
      <li>
        Mission 1
      </li>
    </ul>
  </div>
  <div
    className="mid-screen-6 mar-s-1"
  >
    <h3
      className="profile-title"
    >
      Rockets
    </h3>
    <ul
      className="list-container"
    >
      <li>
        Rocket 1
      </li>
    </ul>
  </div>
</div>
`;
